mv 1/182smile.jpg train
mv 1/435smile.jpg train
mv 0/40neutral.jpg train
mv 1/206smile.jpg train
mv 0/458neutral.jpg train
mv 0/158neutral.jpg train
mv 1/322smile.jpg train
mv 1/83smile.jpg train
mv 0/403neutral.jpg train
mv 1/425smile.jpg train
mv 1/180smile.jpg train
mv 1/233smile.jpg train
mv 1/213smile.jpg train
mv 1/144smile.jpg train
mv 0/327neutral.jpg train
mv 1/245smile.jpg train
mv 1/9smile.jpg train
mv 1/335smile.jpg train
mv 1/266smile.jpg train
mv 0/307neutral.jpg train
mv 1/349smile.jpg train
mv 0/182neutral.jpg train
mv 1/131smile.jpg train
mv 1/325smile.jpg train
mv 1/304smile.jpg train
mv 0/216neutral.jpg train
mv 1/183smile.jpg train
mv 0/29neutral.jpg train
mv 0/435neutral.jpg train
mv 0/209neutral.jpg train
mv 1/75smile.jpg train
mv 0/95neutral.jpg train
mv 1/473smile.jpg train
mv 0/451neutral.jpg train
mv 0/483neutral.jpg train
mv 1/159smile.jpg train
mv 0/399neutral.jpg train
mv 1/317smile.jpg train
mv 1/68smile.jpg train
mv 1/250smile.jpg train
mv 0/59neutral.jpg train
mv 0/364neutral.jpg train
mv 0/498neutral.jpg train
mv 1/460smile.jpg train
mv 1/243smile.jpg train
mv 1/184smile.jpg train
mv 0/375neutral.jpg train
mv 1/256smile.jpg train
mv 1/370smile.jpg train
mv 0/380neutral.jpg train
mv 1/346smile.jpg train
mv 1/251smile.jpg train
mv 1/54smile.jpg train
mv 0/153neutral.jpg train
mv 1/106smile.jpg train
mv 1/275smile.jpg train
mv 0/290neutral.jpg train
mv 0/293neutral.jpg train
mv 1/153smile.jpg train
mv 1/295smile.jpg train
mv 0/120neutral.jpg train
mv 0/254neutral.jpg train
mv 0/127neutral.jpg train
mv 1/448smile.jpg train
mv 1/230smile.jpg train
mv 1/302smile.jpg train
mv 1/215smile.jpg train
mv 1/73smile.jpg train
mv 0/476neutral.jpg train
mv 0/447neutral.jpg train
mv 0/286neutral.jpg train
mv 0/34neutral.jpg train
mv 0/475neutral.jpg train
mv 1/453smile.jpg train
mv 0/462neutral.jpg train
mv 0/130neutral.jpg train
mv 0/404neutral.jpg train
mv 0/143neutral.jpg train
mv 1/415smile.jpg train
mv 1/146smile.jpg train
mv 1/445smile.jpg train
mv 0/430neutral.jpg train
mv 1/333smile.jpg train
mv 1/41smile.jpg train
mv 1/358smile.jpg train
mv 0/52neutral.jpg train
mv 1/138smile.jpg train
mv 1/89smile.jpg train
mv 1/172smile.jpg train
mv 0/385neutral.jpg train
mv 1/199smile.jpg train
mv 0/338neutral.jpg train
mv 0/206neutral.jpg train
mv 1/493smile.jpg train
mv 0/351neutral.jpg train
mv 0/354neutral.jpg train
mv 1/288smile.jpg train
mv 0/439neutral.jpg train
mv 0/109neutral.jpg train
mv 0/390neutral.jpg train
mv 0/84neutral.jpg train
mv 1/383smile.jpg train
mv 0/395neutral.jpg train
mv 0/154neutral.jpg train
mv 1/457smile.jpg train
mv 0/197neutral.jpg train
mv 1/261smile.jpg train
mv 0/494neutral.jpg train
mv 0/164neutral.jpg train
mv 0/26neutral.jpg train
mv 1/255smile.jpg train
mv 0/222neutral.jpg train
mv 1/403smile.jpg train
mv 1/323smile.jpg train
mv 1/375smile.jpg train
mv 1/19smile.jpg train
mv 1/29smile.jpg train
mv 0/335neutral.jpg train
mv 0/60neutral.jpg train
mv 1/111smile.jpg train
mv 1/227smile.jpg train
mv 1/301smile.jpg train
mv 1/12smile.jpg train
mv 1/379smile.jpg train
mv 1/196smile.jpg train
mv 0/13neutral.jpg train
mv 1/462smile.jpg train
mv 0/299neutral.jpg train
mv 0/142neutral.jpg train
mv 0/388neutral.jpg train
mv 1/18smile.jpg train
mv 0/384neutral.jpg train
mv 0/366neutral.jpg train
mv 0/134neutral.jpg train
mv 0/229neutral.jpg train
mv 0/151neutral.jpg train
mv 1/193smile.jpg train
mv 1/92smile.jpg train
mv 1/2smile.jpg train
mv 1/107smile.jpg train
mv 0/21neutral.jpg train
mv 1/487smile.jpg train
mv 1/231smile.jpg train
mv 0/347neutral.jpg train
mv 1/475smile.jpg train
mv 1/280smile.jpg train
mv 0/266neutral.jpg train
mv 0/387neutral.jpg train
mv 1/109smile.jpg train
mv 0/253neutral.jpg train
mv 0/203neutral.jpg train
mv 1/452smile.jpg train
mv 1/410smile.jpg train
mv 1/354smile.jpg train
mv 1/108smile.jpg train
mv 0/490neutral.jpg train
mv 1/170smile.jpg train
mv 0/463neutral.jpg train
mv 1/130smile.jpg train
mv 0/41neutral.jpg train
mv 1/306smile.jpg train
mv 0/314neutral.jpg train
mv 0/135neutral.jpg train
mv 0/303neutral.jpg train
mv 1/171smile.jpg train
mv 0/470neutral.jpg train
mv 0/207neutral.jpg train
mv 1/125smile.jpg train
mv 1/418smile.jpg train
mv 0/73neutral.jpg train
mv 0/72neutral.jpg train
mv 1/380smile.jpg train
mv 1/337smile.jpg train
mv 0/279neutral.jpg train
mv 0/54neutral.jpg train
mv 0/192neutral.jpg train
mv 0/106neutral.jpg train
mv 0/248neutral.jpg train
mv 0/228neutral.jpg train
mv 1/164smile.jpg train
mv 1/187smile.jpg train
mv 0/285neutral.jpg train
mv 1/492smile.jpg train
mv 1/150smile.jpg train
mv 1/5smile.jpg train
mv 0/495neutral.jpg train
mv 0/201neutral.jpg train
mv 1/132smile.jpg train
mv 0/58neutral.jpg train
mv 1/25smile.jpg train
mv 0/19neutral.jpg train
mv 1/114smile.jpg train
mv 0/367neutral.jpg train
mv 1/391smile.jpg train
mv 0/198neutral.jpg train
mv 0/152neutral.jpg train
mv 1/290smile.jpg train
mv 0/357neutral.jpg train
mv 1/49smile.jpg train
mv 1/217smile.jpg train
mv 1/186smile.jpg train
mv 0/37neutral.jpg train
mv 1/188smile.jpg train
mv 1/52smile.jpg train
mv 0/355neutral.jpg train
mv 1/192smile.jpg train
mv 0/53neutral.jpg train
mv 1/408smile.jpg train
mv 1/26smile.jpg train
mv 0/312neutral.jpg train
mv 0/180neutral.jpg train
mv 1/234smile.jpg train
mv 0/63neutral.jpg train
mv 0/191neutral.jpg train
mv 1/212smile.jpg train
mv 1/181smile.jpg train
mv 0/115neutral.jpg train
mv 0/408neutral.jpg train
mv 0/77neutral.jpg train
mv 1/78smile.jpg train
mv 0/305neutral.jpg train
mv 0/333neutral.jpg train
mv 1/178smile.jpg train
mv 0/329neutral.jpg train
mv 1/369smile.jpg train
mv 1/470smile.jpg train
mv 1/364smile.jpg train
mv 0/231neutral.jpg train
mv 0/343neutral.jpg train
mv 1/285smile.jpg train
mv 1/219smile.jpg train
mv 0/25neutral.jpg train
mv 1/86smile.jpg train
mv 1/469smile.jpg train
mv 1/50smile.jpg train
mv 1/142smile.jpg train
mv 1/129smile.jpg train
mv 1/203smile.jpg train
mv 0/394neutral.jpg train
mv 1/436smile.jpg train
mv 1/93smile.jpg train
mv 0/345neutral.jpg train
mv 0/469neutral.jpg train
mv 1/465smile.jpg train
mv 0/449neutral.jpg train
mv 1/371smile.jpg train
mv 1/382smile.jpg train
mv 0/199neutral.jpg train
mv 0/464neutral.jpg train
mv 1/423smile.jpg train
mv 1/316smile.jpg train
mv 1/377smile.jpg train
mv 0/444neutral.jpg train
mv 0/281neutral.jpg train
mv 0/162neutral.jpg train
mv 1/449smile.jpg train
mv 1/385smile.jpg train
mv 1/359smile.jpg train
mv 1/338smile.jpg train
mv 0/217neutral.jpg train
mv 0/417neutral.jpg train
mv 0/242neutral.jpg train
mv 1/194smile.jpg train
mv 1/458smile.jpg train
mv 1/74smile.jpg train
mv 0/344neutral.jpg train
mv 1/419smile.jpg train
mv 1/118smile.jpg train
mv 1/342smile.jpg train
mv 1/38smile.jpg train
mv 0/178neutral.jpg train
mv 0/146neutral.jpg train
mv 0/487neutral.jpg train
mv 0/431neutral.jpg train
mv 0/111neutral.jpg train
mv 1/53smile.jpg train
mv 1/499smile.jpg train
mv 1/98smile.jpg train
mv 1/36smile.jpg train
mv 0/88neutral.jpg train
mv 0/78neutral.jpg train
mv 0/443neutral.jpg train
mv 1/372smile.jpg train
mv 1/265smile.jpg train
mv 1/422smile.jpg train
mv 0/93neutral.jpg train
mv 0/66neutral.jpg train
mv 1/195smile.jpg train
mv 0/416neutral.jpg train
mv 1/10smile.jpg train
mv 1/210smile.jpg train
mv 0/442neutral.jpg train
mv 0/493neutral.jpg train
mv 1/100smile.jpg train
mv 0/282neutral.jpg train
mv 0/473neutral.jpg train
mv 0/277neutral.jpg train
mv 0/69neutral.jpg train
mv 1/122smile.jpg train
mv 0/150neutral.jpg train
mv 1/3smile.jpg train
mv 0/418neutral.jpg train
mv 0/383neutral.jpg train
mv 1/409smile.jpg train
mv 0/331neutral.jpg train
mv 1/496smile.jpg train
mv 1/115smile.jpg train
mv 1/343smile.jpg train
mv 0/478neutral.jpg train
mv 0/221neutral.jpg train
mv 1/281smile.jpg train
mv 0/51neutral.jpg train
mv 0/441neutral.jpg train
mv 1/402smile.jpg train
mv 0/420neutral.jpg train
mv 1/361smile.jpg train
mv 1/201smile.jpg train
mv 1/313smile.jpg train
mv 0/56neutral.jpg train
mv 1/393smile.jpg train
mv 0/138neutral.jpg train
mv 1/442smile.jpg train
mv 0/193neutral.jpg train
mv 0/429neutral.jpg train
mv 1/394smile.jpg train
mv 0/252neutral.jpg train
mv 1/387smile.jpg train
mv 1/298smile.jpg train
mv 0/108neutral.jpg train
mv 1/211smile.jpg train
mv 1/490smile.jpg train
mv 0/55neutral.jpg train
mv 0/284neutral.jpg train
mv 1/198smile.jpg train
mv 1/77smile.jpg train
mv 0/262neutral.jpg train
mv 1/466smile.jpg train
mv 0/488neutral.jpg train
mv 0/337neutral.jpg train
mv 0/194neutral.jpg train
mv 1/365smile.jpg train
mv 0/100neutral.jpg train
mv 0/325neutral.jpg train
mv 1/80smile.jpg train
mv 0/397neutral.jpg train
mv 0/45neutral.jpg train
mv 1/102smile.jpg train
mv 0/456neutral.jpg train
mv 0/465neutral.jpg train
mv 0/466neutral.jpg train
mv 1/427smile.jpg train
mv 0/76neutral.jpg train
mv 1/395smile.jpg train
mv 1/185smile.jpg train
mv 1/104smile.jpg train
mv 0/448neutral.jpg train
mv 0/212neutral.jpg train
mv 0/170neutral.jpg train
mv 0/298neutral.jpg train
mv 0/98neutral.jpg train
mv 0/48neutral.jpg train
mv 1/483smile.jpg train
mv 0/92neutral.jpg train
mv 1/228smile.jpg train
mv 1/71smile.jpg train
mv 0/457neutral.jpg train
mv 0/189neutral.jpg train
mv 0/425neutral.jpg train
mv 1/23smile.jpg train
mv 0/401neutral.jpg train
mv 0/166neutral.jpg train
mv 0/472neutral.jpg train
mv 1/374smile.jpg train
mv 0/12neutral.jpg train
mv 0/276neutral.jpg train
mv 0/18neutral.jpg train
mv 0/6neutral.jpg train
mv 0/171neutral.jpg train
mv 1/429smile.jpg train
mv 1/37smile.jpg train
mv 0/233neutral.jpg train
mv 1/39smile.jpg train
mv 0/156neutral.jpg train
mv 1/137smile.jpg train
mv 0/445neutral.jpg train
mv 0/187neutral.jpg train
mv 0/116neutral.jpg train
mv 0/381neutral.jpg train
mv 0/112neutral.jpg train
mv 1/326smile.jpg train
mv 0/2neutral.jpg train
mv 1/440smile.jpg train
mv 1/158smile.jpg train
mv 0/491neutral.jpg train
mv 1/268smile.jpg train
mv 0/147neutral.jpg train
mv 0/47neutral.jpg train
mv 1/254smile.jpg train
mv 1/87smile.jpg train
mv 1/277smile.jpg train
mv 0/295neutral.jpg train
mv 0/211neutral.jpg train
mv 1/413smile.jpg train
mv 0/269neutral.jpg train
mv 0/340neutral.jpg train
mv 0/259neutral.jpg train
mv 1/85smile.jpg train
mv 0/436neutral.jpg train
mv 0/421neutral.jpg train
mv 0/24neutral.jpg train
mv 0/163neutral.jpg train
mv 0/426neutral.jpg train
mv 0/309neutral.jpg train
mv 1/318smile.jpg train
mv 1/477smile.jpg train
mv 1/441smile.jpg train
mv 1/270smile.jpg train
mv 1/271smile.jpg train
mv 0/297neutral.jpg train
mv 0/296neutral.jpg train
mv 0/113neutral.jpg train
mv 0/149neutral.jpg train
mv 0/39neutral.jpg train
mv 0/234neutral.jpg train
mv 1/223smile.jpg train
mv 1/480smile.jpg train
mv 0/500neutral.jpg train
mv 1/437smile.jpg train
mv 0/236neutral.jpg train
mv 1/63smile.jpg train
mv 0/32neutral.jpg train
mv 0/260neutral.jpg train
mv 0/20neutral.jpg train
mv 0/85neutral.jpg train
mv 0/74neutral.jpg train
mv 1/66smile.jpg train
mv 0/243neutral.jpg train
mv 0/310neutral.jpg train
mv 0/301neutral.jpg train
mv 0/424neutral.jpg train
mv 0/368neutral.jpg train
mv 1/293smile.jpg train
mv 1/69smile.jpg train
mv 1/156smile.jpg train
mv 0/460neutral.jpg train
mv 0/485neutral.jpg train
mv 1/169smile.jpg train
mv 0/481neutral.jpg train
mv 0/215neutral.jpg train
mv 1/340smile.jpg train
mv 1/428smile.jpg train
mv 1/386smile.jpg train
mv 1/341smile.jpg train
mv 1/416smile.jpg train
mv 0/330neutral.jpg train
mv 0/148neutral.jpg train
mv 1/241smile.jpg train
mv 0/272neutral.jpg train
mv 1/152smile.jpg train
mv 0/8neutral.jpg train
mv 1/424smile.jpg train
mv 0/132neutral.jpg train
mv 1/390smile.jpg train
mv 1/174smile.jpg train
mv 1/65smile.jpg train
mv 1/378smile.jpg train
mv 0/477neutral.jpg train
mv 0/271neutral.jpg train
mv 0/461neutral.jpg train
mv 0/208neutral.jpg train
mv 0/433neutral.jpg train
mv 1/67smile.jpg train
mv 1/119smile.jpg train
mv 1/355smile.jpg train
mv 0/239neutral.jpg train
mv 1/161smile.jpg train
mv 0/224neutral.jpg train
mv 0/405neutral.jpg train
mv 0/83neutral.jpg train
mv 0/96neutral.jpg train
mv 0/165neutral.jpg train
mv 0/17neutral.jpg train
mv 0/179neutral.jpg train
mv 0/492neutral.jpg train
mv 1/362smile.jpg train
mv 0/169neutral.jpg train
mv 1/348smile.jpg train
mv 0/79neutral.jpg train
mv 1/28smile.jpg train
mv 0/371neutral.jpg train
mv 0/247neutral.jpg train
mv 1/498smile.jpg train
mv 1/43smile.jpg train
mv 1/205smile.jpg train
mv 1/389smile.jpg train
mv 1/57smile.jpg train
mv 1/46smile.jpg train
mv 0/219neutral.jpg train
mv 1/329smile.jpg train
mv 0/474neutral.jpg train
mv 0/287neutral.jpg train
mv 0/336neutral.jpg train
mv 0/446neutral.jpg train
mv 0/89neutral.jpg train
mv 0/321neutral.jpg train
mv 0/64neutral.jpg train
mv 0/406neutral.jpg train
mv 0/65neutral.jpg train
mv 0/159neutral.jpg train
mv 0/415neutral.jpg train
mv 0/414neutral.jpg train
mv 1/175smile.jpg train
mv 1/76smile.jpg train
mv 0/157neutral.jpg train
mv 0/161neutral.jpg train
mv 0/467neutral.jpg train
mv 0/455neutral.jpg train
mv 1/339smile.jpg train
mv 1/94smile.jpg train
mv 0/270neutral.jpg train
mv 1/434smile.jpg train
mv 1/443smile.jpg train
mv 1/282smile.jpg train
mv 0/489neutral.jpg train
mv 1/396smile.jpg train
mv 0/244neutral.jpg train
mv 0/471neutral.jpg train
mv 1/232smile.jpg train
mv 1/33smile.jpg train
mv 1/157smile.jpg train
mv 0/360neutral.jpg train
mv 0/362neutral.jpg train
mv 0/459neutral.jpg train
mv 0/313neutral.jpg train
mv 1/242smile.jpg train
mv 0/131neutral.jpg train
mv 0/334neutral.jpg train
mv 1/160smile.jpg train
mv 1/356smile.jpg train
mv 0/434neutral.jpg train
mv 0/90neutral.jpg train
mv 0/173neutral.jpg train
mv 1/14smile.jpg train
mv 1/345smile.jpg train
mv 0/407neutral.jpg train
mv 1/262smile.jpg train
mv 0/33neutral.jpg train
mv 1/334smile.jpg train
mv 0/136neutral.jpg train
mv 1/330smile.jpg train
mv 1/31smile.jpg train
mv 1/283smile.jpg train
mv 0/71neutral.jpg train
mv 0/241neutral.jpg train
mv 1/173smile.jpg train
mv 0/393neutral.jpg train
mv 0/167neutral.jpg train
mv 0/67neutral.jpg train
mv 0/342neutral.jpg train
mv 0/392neutral.jpg train
mv 0/319neutral.jpg train
mv 1/200smile.jpg train
mv 0/27neutral.jpg train
mv 0/101neutral.jpg train
mv 1/319smile.jpg train
mv 0/419neutral.jpg train
mv 1/332smile.jpg train
mv 1/331smile.jpg train
mv 1/260smile.jpg train
mv 0/133neutral.jpg train
mv 1/40smile.jpg train
mv 1/82smile.jpg train
mv 0/386neutral.jpg train
mv 0/225neutral.jpg train
mv 0/139neutral.jpg train
mv 0/75neutral.jpg train
mv 0/123neutral.jpg train
mv 0/256neutral.jpg train
mv 1/240smile.jpg train
mv 0/11neutral.jpg train
mv 1/163smile.jpg train
mv 1/244smile.jpg train
mv 0/291neutral.jpg train
mv 1/404smile.jpg train
mv 0/376neutral.jpg train
mv 1/62smile.jpg train
mv 1/48smile.jpg train
mv 1/239smile.jpg train
mv 1/476smile.jpg train
mv 0/306neutral.jpg train
mv 1/489smile.jpg train
mv 0/15neutral.jpg train
mv 0/114neutral.jpg train
mv 0/391neutral.jpg train
mv 0/328neutral.jpg train
mv 1/314smile.jpg train
mv 1/328smile.jpg train
mv 1/438smile.jpg train
mv 0/68neutral.jpg train
mv 0/105neutral.jpg train
mv 0/23neutral.jpg train
mv 0/81neutral.jpg train
mv 1/224smile.jpg train
mv 0/4neutral.jpg train
mv 1/353smile.jpg train
mv 0/190neutral.jpg train
mv 0/428neutral.jpg train
mv 1/352smile.jpg train
mv 1/197smile.jpg train
mv 1/4smile.jpg train
mv 1/294smile.jpg train
mv 1/229smile.jpg train
mv 0/363neutral.jpg train
mv 1/191smile.jpg train
mv 0/379neutral.jpg train
mv 1/124smile.jpg train
mv 0/57neutral.jpg train
mv 1/357smile.jpg train
mv 0/232neutral.jpg train
mv 0/326neutral.jpg train
mv 0/353neutral.jpg train
mv 1/367smile.jpg train
mv 1/238smile.jpg train
mv 0/174neutral.jpg train
mv 1/430smile.jpg train
mv 1/426smile.jpg train
mv 1/376smile.jpg train
mv 0/61neutral.jpg train
mv 0/452neutral.jpg train
mv 0/352neutral.jpg train
mv 0/28neutral.jpg train
mv 1/464smile.jpg train
mv 0/87neutral.jpg train
mv 0/427neutral.jpg train
mv 0/175neutral.jpg train
mv 1/412smile.jpg train
mv 1/273smile.jpg train
mv 1/392smile.jpg train
mv 1/406smile.jpg train
mv 0/396neutral.jpg train
mv 0/280neutral.jpg train
mv 0/316neutral.jpg train
mv 1/252smile.jpg train
mv 0/422neutral.jpg train
mv 1/289smile.jpg train
mv 0/43neutral.jpg train
mv 0/496neutral.jpg train
mv 1/494smile.jpg train
mv 1/471smile.jpg train
mv 0/97neutral.jpg train
mv 0/255neutral.jpg train
mv 1/351smile.jpg train
mv 1/44smile.jpg train
mv 0/107neutral.jpg train
mv 1/34smile.jpg train
mv 1/148smile.jpg train
mv 1/59smile.jpg train
mv 1/189smile.jpg train
mv 0/374neutral.jpg train
mv 1/235smile.jpg train
mv 0/300neutral.jpg train
mv 1/308smile.jpg train
mv 0/125neutral.jpg train
mv 0/264neutral.jpg train
mv 1/269smile.jpg train
mv 0/246neutral.jpg train
mv 1/307smile.jpg train
mv 1/134smile.jpg train
mv 1/455smile.jpg train
mv 1/165smile.jpg train
mv 1/202smile.jpg train
mv 0/432neutral.jpg train
mv 1/127smile.jpg train
mv 1/500smile.jpg train
mv 1/99smile.jpg train
mv 0/9neutral.jpg train
mv 1/207smile.jpg train
mv 1/461smile.jpg train
mv 1/1smile.jpg train
mv 1/284smile.jpg train
mv 1/411smile.jpg train
mv 1/147smile.jpg train
mv 1/167smile.jpg train
mv 0/36neutral.jpg train
mv 1/143smile.jpg train
mv 0/258neutral.jpg train
mv 1/56smile.jpg train
mv 1/368smile.jpg train
mv 1/433smile.jpg train
mv 0/350neutral.jpg train
mv 0/324neutral.jpg train
mv 0/359neutral.jpg train
mv 1/431smile.jpg train
mv 0/195neutral.jpg train
mv 1/267smile.jpg train
mv 0/128neutral.jpg train
mv 0/302neutral.jpg train
mv 0/413neutral.jpg train
mv 1/220smile.jpg train
mv 1/139smile.jpg train
mv 1/384smile.jpg train
mv 0/479neutral.jpg train
mv 1/126smile.jpg train
mv 1/274smile.jpg train
mv 1/17smile.jpg train
mv 0/440neutral.jpg train
mv 0/261neutral.jpg train
mv 1/218smile.jpg train
mv 0/323neutral.jpg train
mv 1/81smile.jpg train
mv 0/35neutral.jpg train
mv 1/485smile.jpg train
mv 1/300smile.jpg train
mv 1/204smile.jpg train
mv 1/381smile.jpg train
mv 0/486neutral.jpg train
mv 0/378neutral.jpg train
mv 1/133smile.jpg train
mv 0/274neutral.jpg train
mv 1/327smile.jpg train
mv 0/369neutral.jpg train
mv 0/124neutral.jpg train
mv 1/291smile.jpg train
mv 1/190smile.jpg train
mv 1/467smile.jpg train
mv 1/141smile.jpg train
mv 1/51smile.jpg train
mv 0/183neutral.jpg train
mv 0/102neutral.jpg train
mv 0/185neutral.jpg train
mv 1/13smile.jpg train
mv 0/22neutral.jpg train
mv 1/264smile.jpg train
mv 0/82neutral.jpg train
mv 1/297smile.jpg train
mv 0/196neutral.jpg train
mv 0/7neutral.jpg train
mv 1/296smile.jpg train
mv 1/446smile.jpg train
mv 1/315smile.jpg train
mv 1/248smile.jpg train
mv 1/454smile.jpg train
mv 0/16neutral.jpg train
mv 1/479smile.jpg train
mv 0/348neutral.jpg train
mv 0/318neutral.jpg train
mv 1/450smile.jpg train
mv 0/389neutral.jpg train
mv 0/398neutral.jpg train
mv 1/70smile.jpg train
mv 0/267neutral.jpg train
mv 1/324smile.jpg train
mv 1/276smile.jpg train
mv 1/388smile.jpg train
mv 0/482neutral.jpg train
mv 0/275neutral.jpg train
mv 1/478smile.jpg train
mv 0/341neutral.jpg train
mv 0/99neutral.jpg train
mv 1/486smile.jpg train
mv 1/91smile.jpg train
mv 1/488smile.jpg train
mv 1/401smile.jpg train
mv 0/283neutral.jpg train
mv 1/45smile.jpg train
mv 1/472smile.jpg train
mv 1/360smile.jpg train
mv 1/168smile.jpg train
mv 1/272smile.jpg train
mv 1/263smile.jpg train
mv 1/451smile.jpg train
mv 0/137neutral.jpg train
mv 0/238neutral.jpg train
mv 1/121smile.jpg train
mv 1/95smile.jpg train
mv 1/497smile.jpg train
mv 0/3neutral.jpg train
mv 0/181neutral.jpg train
mv 1/320smile.jpg train
mv 0/49neutral.jpg train
mv 0/200neutral.jpg train
mv 0/94neutral.jpg train
mv 0/117neutral.jpg train
mv 1/97smile.jpg train
mv 1/432smile.jpg train
mv 0/10neutral.jpg train
mv 1/105smile.jpg train
mv 1/16smile.jpg train
mv 1/444smile.jpg train
mv 1/209smile.jpg train
mv 1/136smile.jpg train
mv 0/168neutral.jpg train
mv 1/55smile.jpg train
mv 1/116smile.jpg train
mv 0/31neutral.jpg train
mv 0/30neutral.jpg train
mv 0/480neutral.jpg train
mv 0/454neutral.jpg train
mv 1/60smile.jpg train
mv 1/8smile.jpg train
mv 1/344smile.jpg train
mv 0/339neutral.jpg train
mv 0/205neutral.jpg train
mv 0/223neutral.jpg train
mv 0/263neutral.jpg train
mv 0/372neutral.jpg train
mv 0/400neutral.jpg train
mv 0/423neutral.jpg train
mv 1/399smile.jpg train
mv 1/42smile.jpg train
mv 1/456smile.jpg train
mv 1/287smile.jpg train
mv 0/409neutral.jpg train
mv 1/405smile.jpg train
mv 0/278neutral.jpg train
mv 1/84smile.jpg train
mv 0/91neutral.jpg train
mv 1/373smile.jpg train
mv 1/32smile.jpg train
mv 0/288neutral.jpg train
mv 1/58smile.jpg train
mv 0/155neutral.jpg train
mv 0/214neutral.jpg train
mv 0/402neutral.jpg train
mv 1/112smile.jpg train
mv 1/253smile.jpg train
mv 0/317neutral.jpg train
mv 1/237smile.jpg train
mv 0/499neutral.jpg train
mv 0/377neutral.jpg train
mv 1/312smile.jpg train
mv 1/88smile.jpg train
mv 1/279smile.jpg train
mv 0/308neutral.jpg train
mv 1/128smile.jpg train
mv 0/172neutral.jpg train
mv 0/121neutral.jpg train
mv 0/70neutral.jpg train
mv 1/278smile.jpg train
mv 1/463smile.jpg train
mv 1/303smile.jpg train
mv 1/162smile.jpg train
mv 0/356neutral.jpg train
mv 1/30smile.jpg train
mv 1/398smile.jpg train
mv 0/438neutral.jpg train
mv 0/227neutral.jpg train
mv 1/101smile.jpg train
mv 0/42neutral.jpg train
mv 0/273neutral.jpg train
mv 0/346neutral.jpg train
mv 0/322neutral.jpg train
mv 1/214smile.jpg train
mv 1/90smile.jpg train
mv 0/50neutral.jpg train
mv 1/6smile.jpg train
mv 0/186neutral.jpg train
mv 0/226neutral.jpg train
mv 0/373neutral.jpg train
mv 1/310smile.jpg train
mv 1/120smile.jpg train
mv 0/349neutral.jpg train
mv 0/294neutral.jpg train
mv 0/80neutral.jpg train
mv 0/213neutral.jpg train
mv 0/265neutral.jpg train
mv 1/481smile.jpg train
mv 0/145neutral.jpg train
mv 1/350smile.jpg train
mv 0/218neutral.jpg train
mv 0/497neutral.jpg train
mv 1/420smile.jpg train
mv 0/245neutral.jpg train
mv 1/407smile.jpg train
mv 1/221smile.jpg train
mv 1/321smile.jpg train
mv 0/320neutral.jpg train
mv 1/110smile.jpg train
mv 0/237neutral.jpg train
mv 0/46neutral.jpg train
mv 1/474smile.jpg train
mv 0/144neutral.jpg train
mv 1/421smile.jpg train
mv 1/117smile.jpg train
mv 1/149smile.jpg train
mv 0/204neutral.jpg train
mv 1/177smile.jpg train
mv 0/176neutral.jpg train
mv 0/365neutral.jpg train
mv 0/141neutral.jpg train
mv 0/292neutral.jpg train
mv 1/226smile.jpg train
mv 1/35smile.jpg train
mv 0/484neutral.jpg train
mv 1/7smile.jpg train
mv 1/155smile.jpg train
mv 0/453neutral.jpg train
mv 0/251neutral.jpg train
mv 1/258smile.jpg train
mv 0/240neutral.jpg train
